[2026-03-25 20:40:19,010] 1025 httpx - INFO -HTTP Request: GET https://dagshub.com/api/v1/user "HTTP/1.1 200 OK"
[2026-03-25 20:40:19,049] 107 dagshub - INFO -Accessing as AyaTant
[2026-03-25 20:40:20,088] 1025 httpx - INFO -HTTP Request: GET https://dagshub.com/api/v1/repos/AyaTant/networksecurity "HTTP/1.1 200 OK"
[2026-03-25 20:40:21,031] 1025 httpx - INFO -HTTP Request: GET https://dagshub.com/api/v1/user "HTTP/1.1 200 OK"
[2026-03-25 20:40:21,037] 107 dagshub - INFO -Initialized MLflow to track repo "AyaTant/networksecurity"
[2026-03-25 20:40:21,040] 107 dagshub - INFO -Repository AyaTant/networksecurity initialized!
[2026-03-25 20:40:39,625] 38 root - INFO -Start data ingestion
[2026-03-25 20:40:53,964] 58 root - INFO -Performed train test split on the dataframe
[2026-03-25 20:40:53,964] 59 root - INFO -Exited split_Data_as_train_test method of Data_Ingestion class
[2026-03-25 20:40:53,965] 65 root - INFO -Exporting train and test file path.
[2026-03-25 20:40:54,077] 70 root - INFO -Exported train and test file path.
[2026-03-25 20:40:54,078] 41 root - INFO -Data Ingestion completed and artifact: DataIngestionArtifact(trained_file_path='Artifacts\\03_25_2026_20_39_51\\data_ingestion\\ingested\\train.csv', test_file_path='Artifacts\\03_25_2026_20_39_51\\data_ingestion\\ingested\\test.csv')
[2026-03-25 20:40:54,080] 49 root - INFO -Start Data Validation
[2026-03-25 20:40:54,189] 31 root - INFO -required number of columns:2
[2026-03-25 20:40:54,190] 32 root - INFO -data Frame has 31 columns
[2026-03-25 20:40:54,190] 31 root - INFO -required number of columns:2
[2026-03-25 20:40:54,190] 32 root - INFO -data Frame has 31 columns
[2026-03-25 20:40:54,473] 52 root - INFO -Data Validation completed and artifact :DataValidationArtifact(validation_status=None, valid_train_file_path='Artifacts\\03_25_2026_20_39_51\\data_ingestion\\ingested\\train.csv', valid_test_file_path='Artifacts\\03_25_2026_20_39_51\\data_ingestion\\ingested\\test.csv', invalid_train_file_path=None, invalid_test_file_path=None, drift_report_file_path='Artifacts\\03_25_2026_20_39_51\\data_validation\\drift_report\\report.yaml')
[2026-03-25 20:40:54,474] 60 root - INFO -Start data transfromation
[2026-03-25 20:40:54,474] 57 root - INFO -entered initiate_data_tranformation method of Data Transformation class
[2026-03-25 20:40:54,474] 59 root - INFO -Starting data Transformation
[2026-03-25 20:40:54,530] 45 root - INFO -Entered get_data_trnasformer_object method of Trnasformation class
[2026-03-25 20:40:54,530] 50 root - INFO -Initialised KNNImputer with {'missing_values': nan, 'n_neighbors': 3, 'weights': 'uniform'}
[2026-03-25 20:40:54,568] 44 root - INFO -Entered the save_object method of MainUtils class
[2026-03-25 20:40:54,577] 48 root - INFO -Exited the save_object method of MainUtils class
[2026-03-25 20:40:54,577] 44 root - INFO -Entered the save_object method of MainUtils class
[2026-03-25 20:40:54,586] 48 root - INFO -Exited the save_object method of MainUtils class
[2026-03-25 20:40:54,589] 63 root - INFO -Data Transformation completed and artifact :DataTransformationArtifact(transformed_object_file_path='Artifacts\\03_25_2026_20_39_51\\transformed\\transformed_object\\preprocessing.pkl', transformed_train_file_path='Artifacts\\03_25_2026_20_39_51\\transformed\\train.npy', transformed_test_file_path='Artifacts\\03_25_2026_20_39_51\\transformed\\transformed\\test.npy')
[2026-03-25 20:40:54,589] 71 root - INFO -Model Training started
